2005.10.31 19:37 B D:\20 Hj side\201 FPro som mat\FPRoProgr and  B doc lwp\FPR B help Tabeller.doc --> www.naestved-gym.dk /201 FPro som mat/FPRoProgr and  B doc lwp FPR B help Tabeller.doc
2005.10.31 19:38 B D:\20 Hj side\201 FPro som mat\FPRoProgr and  B doc lwp\FPRB help tabeller.lwp --> www.naestved-gym.dk /201 FPro som mat/FPRoProgr and  B doc lwp FPRB help tabeller.lwp
2005.10.31 19:38 B D:\20 Hj side\201 FPro som mat\FPRoProgr and  B doc lwp\MAT02a.fpr --> www.naestved-gym.dk /201 FPro som mat/FPRoProgr and  B doc lwp MAT02a.fpr
2005.10.31 19:39 B D:\20 Hj side\201 FPro som mat\FPRoProgr and  B doc lwp\MAT03a.fpr --> www.naestved-gym.dk /201 FPro som mat/FPRoProgr and  B doc lwp MAT03a.fpr
2005.10.31 19:39 B D:\20 Hj side\201 FPro som mat\FPRoProgr and  B doc lwp\MAT03b.fpr --> www.naestved-gym.dk /201 FPro som mat/FPRoProgr and  B doc lwp MAT03b.fpr
2005.10.31 19:39 B D:\20 Hj side\201 FPro som mat\FPRoProgr and  B doc lwp\MAT04a.fpr --> www.naestved-gym.dk /201 FPro som mat/FPRoProgr and  B doc lwp MAT04a.fpr
2005.10.31 19:40 B D:\20 Hj side\201 FPro som mat\FPRoProgr and  B doc lwp\MAT04b.fpr --> www.naestved-gym.dk /201 FPro som mat/FPRoProgr and  B doc lwp MAT04b.fpr
2005.10.31 19:41 B D:\20 Hj side\201 FPro som mat\FPRoProgr and  B doc lwp\MAT05a.fpr --> www.naestved-gym.dk /201 FPro som mat/FPRoProgr and  B doc lwp MAT05a.fpr
2005.10.31 19:42 B D:\20 Hj side\201 FPro som mat\FPRoProgr and  B doc lwp\MAT06a.fpr --> www.naestved-gym.dk /201 FPro som mat/FPRoProgr and  B doc lwp MAT06a.fpr
2005.10.31 19:42 B D:\20 Hj side\201 FPro som mat\FPRoProgr and  B doc lwp\MAT06b.fpr --> www.naestved-gym.dk /201 FPro som mat/FPRoProgr and  B doc lwp MAT06b.fpr
2005.10.31 19:43 B D:\20 Hj side\201 FPro som mat\FPRoProgr and  B doc lwp\MAT06c.fpr --> www.naestved-gym.dk /201 FPro som mat/FPRoProgr and  B doc lwp MAT06c.fpr
2005.10.31 19:43 B D:\20 Hj side\201 FPro som mat\FPRoProgr and  B doc lwp\MAT07a.fpr --> www.naestved-gym.dk /201 FPro som mat/FPRoProgr and  B doc lwp MAT07a.fpr
2005.10.31 19:44 B D:\20 Hj side\201 FPro som mat\FPRoProgr and  B doc lwp\MAT07b.fpr --> www.naestved-gym.dk /201 FPro som mat/FPRoProgr and  B doc lwp MAT07b.fpr
2005.10.31 19:44 B D:\20 Hj side\201 FPro som mat\FPRoProgr and  B doc lwp\MAT08a.fpr --> www.naestved-gym.dk /201 FPro som mat/FPRoProgr and  B doc lwp MAT08a.fpr
2005.10.31 19:45 B D:\20 Hj side\201 FPro som mat\FPRoProgr and  B doc lwp\MAT08b.fpr --> www.naestved-gym.dk /201 FPro som mat/FPRoProgr and  B doc lwp MAT08b.fpr
2005.10.31 19:46 B D:\20 Hj side\201 FPro som mat\FPRoProgr and  B doc lwp\MAT08c.fpr --> www.naestved-gym.dk /201 FPro som mat/FPRoProgr and  B doc lwp MAT08c.fpr
2005.10.31 19:46 B D:\20 Hj side\201 FPro som mat\FPRoProgr and  B doc lwp\MAT08d.fpr --> www.naestved-gym.dk /201 FPro som mat/FPRoProgr and  B doc lwp MAT08d.fpr
2005.10.31 19:47 B D:\20 Hj side\201 FPro som mat\FPRoProgr and  B doc lwp\MAT09a.fpr --> www.naestved-gym.dk /201 FPro som mat/FPRoProgr and  B doc lwp MAT09a.fpr
2005.10.31 19:48 B D:\20 Hj side\201 FPro som mat\FPRoProgr and  B doc lwp\MAT09b.fpr --> www.naestved-gym.dk /201 FPro som mat/FPRoProgr and  B doc lwp MAT09b.fpr
2005.10.31 19:48 B D:\20 Hj side\201 FPro som mat\FPRoProgr and  B doc lwp\MAT09c.fpr --> www.naestved-gym.dk /201 FPro som mat/FPRoProgr and  B doc lwp MAT09c.fpr
2005.10.31 19:49 B D:\20 Hj side\201 FPro som mat\FPRoProgr and  B doc lwp\MAT09d.fpr --> www.naestved-gym.dk /201 FPro som mat/FPRoProgr and  B doc lwp MAT09d.fpr
2005.10.31 19:49 B D:\20 Hj side\201 FPro som mat\FPRoProgr and  B doc lwp\MAT10a.fpr --> www.naestved-gym.dk /201 FPro som mat/FPRoProgr and  B doc lwp MAT10a.fpr
2005.10.31 19:50 B D:\20 Hj side\201 FPro som mat\FPRoProgr and  B doc lwp\MAT10b.fpr --> www.naestved-gym.dk /201 FPro som mat/FPRoProgr and  B doc lwp MAT10b.fpr
2005.10.31 19:50 B D:\20 Hj side\201 FPro som mat\FPRoProgr and  B doc lwp\MAT11a.fpr --> www.naestved-gym.dk /201 FPro som mat/FPRoProgr and  B doc lwp MAT11a.fpr
2005.10.31 19:51 B D:\20 Hj side\201 FPro som mat\FPRoProgr and  B doc lwp\MAT11b.fpr --> www.naestved-gym.dk /201 FPro som mat/FPRoProgr and  B doc lwp MAT11b.fpr
2005.10.31 19:52 B D:\20 Hj side\201 FPro som mat\FPRoProgr and  B doc lwp\MAT12a.fpr --> www.naestved-gym.dk /201 FPro som mat/FPRoProgr and  B doc lwp MAT12a.fpr
2005.10.31 19:53 B D:\20 Hj side\201 FPro som mat\FPRoProgr and  B doc lwp\MAT13a.fpr --> www.naestved-gym.dk /201 FPro som mat/FPRoProgr and  B doc lwp MAT13a.fpr
2005.10.31 19:53 B D:\20 Hj side\201 FPro som mat\FPRoProgr and  B doc lwp\MAT13b.fpr --> www.naestved-gym.dk /201 FPro som mat/FPRoProgr and  B doc lwp MAT13b.fpr
2005.10.31 19:54 B D:\20 Hj side\201 FPro som mat\FPRoProgr and  B doc lwp\MAT13c.fpr --> www.naestved-gym.dk /201 FPro som mat/FPRoProgr and  B doc lwp MAT13c.fpr
2005.10.31 19:54 B D:\20 Hj side\201 FPro som mat\FPRoProgr and  B doc lwp\MAT14a.fpr --> www.naestved-gym.dk /201 FPro som mat/FPRoProgr and  B doc lwp MAT14a.fpr
2005.10.31 20:47 B D:\20 Hj side\201 FPro som mat\FPRoProgr and  B doc lwp\MAT14b.fpr --> www.naestved-gym.dk /201 FPro som mat/FPRoProgr and  B doc lwp MAT14b.fpr
2005.10.31 20:47 B D:\20 Hj side\201 FPro som mat\FPRoProgr and  B doc lwp\MAT15a.fpr --> www.naestved-gym.dk /201 FPro som mat/FPRoProgr and  B doc lwp MAT15a.fpr
2005.10.31 20:47 B D:\20 Hj side\201 FPro som mat\FPRoProgr and  B doc lwp\MAT16a.fpr --> www.naestved-gym.dk /201 FPro som mat/FPRoProgr and  B doc lwp MAT16a.fpr
2005.10.31 20:48 B D:\20 Hj side\201 FPro som mat\FPRoProgr and  B doc lwp\MATAa.fpr --> www.naestved-gym.dk /201 FPro som mat/FPRoProgr and  B doc lwp MATAa.fpr
2005.10.31 20:48 B D:\20 Hj side\201 FPro som mat\FPRoProgr and  B doc lwp\MATCa.fpr --> www.naestved-gym.dk /201 FPro som mat/FPRoProgr and  B doc lwp MATCa.fpr
2005.10.31 20:49 B D:\20 Hj side\201 FPro som mat\FPRoProgr and  B doc lwp\MATDa.fpr --> www.naestved-gym.dk /201 FPro som mat/FPRoProgr and  B doc lwp MATDa.fpr
2005.10.31 20:49 B D:\20 Hj side\201 FPro som mat\FPRoProgr and  B doc lwp\MATDb.fpr --> www.naestved-gym.dk /201 FPro som mat/FPRoProgr and  B doc lwp MATDb.fpr
